Iosqe.fixed_file: 1
Iosqe.io_drain: 2
Iosqe.io_link: 4
Iosqe.io_hardlink: 8
Iosqe.async: 16
Iosqe.buffer_select: 32
Iosqe.cqe_skip_success: 64
Ioring.Setup.iopoll: 1
Ioring.Setup.sqpoll: 2
Ioring.Setup.sq_aff: 4
Ioring.Setup.cqsize: 8
Ioring.Setup.clamp: 16
Ioring.Setup.attach_wq: 32
Ioring.Setup.r_disabled: 64
Ioring.Setup.submit_all: 128
Ioring.Setup.coop_taskrun: 256
Ioring.Setup.taskrun_flag: 512
Ioring.Setup.sqe128: 1024
Ioring.Setup.cqe32: 2048
Ioring.Setup.single_issuer: 4096
Ioring.Setup.defer_taskrun: 8192
Ioring.Setup.no_mmap: 16384
Ioring.Setup.registered_fd_only: 32768
Ioring.Op.nop: 0
Ioring.Op.readv: 1
Ioring.Op.writev: 2
Ioring.Op.fsync: 3
Ioring.Op.read_fixed: 4
Ioring.Op.write_fixed: 5
Ioring.Op.poll_add: 6
Ioring.Op.poll_remove: 7
Ioring.Op.sync_file_range: 8
Ioring.Op.sendmsg: 9
Ioring.Op.recvmsg: 10
Ioring.Op.timeout: 11
Ioring.Op.timeout_remove: 12
Ioring.Op.accept: 13
Ioring.Op.async_cancel: 14
Ioring.Op.link_timeout: 15
Ioring.Op.connect: 16
Ioring.Op.fallocate: 17
Ioring.Op.openat: 18
Ioring.Op.close: 19
Ioring.Op.files_update: 20
Ioring.Op.statx: 21
Ioring.Op.read: 22
Ioring.Op.write: 23
Ioring.Op.fadvise: 24
Ioring.Op.madvise: 25
Ioring.Op.send: 26
Ioring.Op.recv: 27
Ioring.Op.openat2: 28
Ioring.Op.epoll_ctl: 29
Ioring.Op.splice: 30
Ioring.Op.provide_buffers: 31
Ioring.Op.remove_buffers: 32
Ioring.Op.tee: 33
Ioring.Op.shutdown: 34
Ioring.Op.renameat: 35
Ioring.Op.unlinkat: 36
Ioring.Op.mkdirat: 37
Ioring.Op.symlinkat: 38
Ioring.Op.linkat: 39
Ioring.Op.msg_ring: 40
Ioring.Op.fsetxattr: 41
Ioring.Op.setxattr: 42
Ioring.Op.fgetxattr: 43
Ioring.Op.getxattr: 44
Ioring.Op.socket: 45
Ioring.Op.uring_cmd: 46
Ioring.Op.send_zc: 47
Ioring.Op.sendmsg_zc: 48
Ioring.Op.last: 49
Ioring.Cqe_f.buffer: 1
Ioring.Cqe_f.more: 2
Ioring.Cqe_f.sock_nonempty: 4
Ioring.Cqe_f.notif: 8
Ioring.Feat.single_mmap: 1
Ioring.Feat.nodrop: 2
Ioring.Feat.submit_stable: 4
Ioring.Feat.rw_cur_pos: 8
Ioring.Feat.cur_personality: 16
Ioring.Feat.fast_poll: 32
Ioring.Feat.poll_32bits: 64
Ioring.Feat.sqpoll_nonfixed: 128
Ioring.Feat.ext_arg: 256
Ioring.Feat.native_workers: 512
Ioring.Feat.rsrc_tags: 1024
Ioring.Feat.cqe_skip: 2048
Ioring.Feat.linked_file: 4096
Ioring.Feat.reg_reg_ring: 8192
Ioring.Fsync.datasync: 1
Ioring.Timeout.abs: 1
Ioring.Async_cancel.all: 1
Ioring.Recvsend.poll_first: 1
Ioring.Poll.add_multi: 1
Ioring.Msg.data: 0
Ioring.Msg.send_fd: 1
Ioring.Send_zc.report_usage: 8
Ioring.Enter.getevents: 1
Ioring.Register.buffers: 0
Ioring.Register.last: 26
Ioring.Unregister.buffers: 1
flags: ok
